C:\Dev\school\uis-csc-capstone\src\main\java\csc478\group2\Board.java
C:\Dev\school\uis-csc-capstone\src\main\java\csc478\group2\EndConditionEvaluator.java
C:\Dev\school\uis-csc-capstone\src\main\java\csc478\group2\GameController.java
C:\Dev\school\uis-csc-capstone\src\main\java\csc478\group2\GameState.java
C:\Dev\school\uis-csc-capstone\src\main\java\csc478\group2\JavaFX.java
C:\Dev\school\uis-csc-capstone\src\main\java\csc478\group2\Main.java
C:\Dev\school\uis-csc-capstone\src\main\java\csc478\group2\PlacedTile.java
C:\Dev\school\uis-csc-capstone\src\main\java\csc478\group2\PlacementRequest.java
C:\Dev\school\uis-csc-capstone\src\main\java\csc478\group2\Rack.java
C:\Dev\school\uis-csc-capstone\src\main\java\csc478\group2\RulesEngine.java
C:\Dev\school\uis-csc-capstone\src\main\java\csc478\group2\ScoreCalculator.java
C:\Dev\school\uis-csc-capstone\src\main\java\csc478\group2\Square.java
C:\Dev\school\uis-csc-capstone\src\main\java\csc478\group2\Tile.java
C:\Dev\school\uis-csc-capstone\src\main\java\csc478\group2\TileBag.java
C:\Dev\school\uis-csc-capstone\src\main\java\csc478\group2\TimeManager.java
C:\Dev\school\uis-csc-capstone\src\main\java\csc478\group2\WordValidation.java
